// Jest Snapshot v1, https://goo.gl/fbAQLP

exports[`RecipeForm should render empty form 1`] = `
<form
  className="form-container"
  onSubmit={[Function]}
>
  <div
    className="input-row"
  >
    <div
      className="input-grp"
    >
      <label
        htmlFor="first-name"
      >
        First name
      </label>
      <input
        className="input-field"
        name="firstName"
        onBlur={[Function]}
        onChange={[Function]}
        placeholder="First name"
        type="text"
      />
    </div>
    <div
      className="input-grp"
    >
      <label
        htmlFor="last-name"
      >
        Last name
      </label>
      <input
        className="input-field"
        name="lastName"
        onBlur={[Function]}
        onChange={[Function]}
        placeholder="Last name"
        type="text"
      />
    </div>
  </div>
  <div
    className="input-row"
  >
    <div
      className="input-grp"
    >
      <label
        htmlFor="email"
      >
        E-mail
      </label>
      <input
        className="input-field"
        name="email"
        onBlur={[Function]}
        onChange={[Function]}
        placeholder="Email"
        type="email"
      />
    </div>
  </div>
  <div
    className="input-row"
  >
    <div
      className="input-grp"
    >
      <label
        htmlFor="password"
      >
        Password
      </label>
      <input
        className="input-field"
        name="password"
        onBlur={[Function]}
        onChange={[Function]}
        placeholder="Password"
        type="password"
      />
    </div>
    <div
      className="input-grp"
    >
      <label
        htmlFor="re-password"
      >
        Repeat password
      </label>
      <input
        className="input-field"
        name="repeatPassword"
        onBlur={[Function]}
        onChange={[Function]}
        placeholder="Repeat Password"
        type="password"
      />
    </div>
  </div>
  <div
    className="input-row"
  >
    <div
      className="input-grp"
    >
      <label
        htmlFor="phone"
      >
        Mobile number
      </label>
      <input
        className="input-field"
        name="mobileNumber"
        onBlur={[Function]}
        onChange={[Function]}
        placeholder="Mobile number"
        type="tel"
      />
    </div>
    <div
      className="input-grp"
    >
      <label
        htmlFor="country"
      >
        Country of residence
      </label>
      <select
        className="input-field-select"
        name="country"
        onBlur={[Function]}
        onChange={[Function]}
      >
        <option
          selected={true}
          value="empty"
        >
          Select your country...
        </option>
        <option
          value="France"
        >
          France
        </option>
        <option
          value="Bulgaria"
        >
          Bulgaria
        </option>
        <option
          value="United Kingdom"
        >
          United Kingdom
        </option>
        <option
          value="Other"
        >
          Other
        </option>
      </select>
    </div>
  </div>
  <div
    className="input-row"
  >
    <div
      className="input-grp"
    >
      <label
        htmlFor="gender"
      >
        Gender
      </label>
      <div
        className="radio-grp"
      >
        <label
          htmlFor="male"
        >
          <input
            name="gender"
            onBlur={[Function]}
            onChange={[Function]}
            type="radio"
            value="Male"
          />
          Male
        </label>
        <label
          htmlFor="female"
        >
          <input
            name="gender"
            onBlur={[Function]}
            onChange={[Function]}
            type="radio"
            value=" Female"
          />
          Female
        </label>
        <label
          htmlFor="other"
        >
          <input
            name="gender"
            onBlur={[Function]}
            onChange={[Function]}
            type="radio"
            value=" Other"
          />
          Other
        </label>
      </div>
    </div>
    <div
      className="input-grp"
    >
      <label
        htmlFor="date"
      >
        Date of registration
      </label>
      <input
        className="input-field-date"
        name="dateInfo"
        onBlur={[Function]}
        onChange={[Function]}
        type="datetime-local"
      />
    </div>
  </div>
  <div
    className="input-row"
  >
    <div
      className="input-grp"
    >
      <label
        htmlFor="textarea"
      >
        Upload file
      </label>
      <input
        className="input-field"
        name="file"
        onBlur={[Function]}
        onChange={[Function]}
        type="file"
      />
    </div>
  </div>
  <div
    className="input-row"
  >
    <div
      className="input-grp"
    >
      <label
        htmlFor="textarea"
      >
        Additional information
      </label>
      <textarea
        className="input-field-textarea"
        name="messageArea"
        onBlur={[Function]}
        onChange={[Function]}
        placeholder="Additional information"
      />
    </div>
  </div>
  <div
    className="input-row"
  >
    <label
      htmlFor="terms"
    >
      Terms and Conditions
    </label>
    <input
      name="checkbox"
      onBlur={[Function]}
      onChange={[Function]}
      placeholder="checkbox"
      type="checkbox"
    />
  </div>
  <div
    className="input-row"
  >
    <input
      className="Btn"
      type="submit"
      value="Submit"
    />
    <input
      className="Btn"
      type="reset"
      value="Reset Form"
    />
  </div>
</form>
`;
